Traceback (most recent call last):
  File "/Users/55093290/anaconda3/lib/python3.11/site-packages/jupyter_cache/executors/utils.py", line 58, in single_nb_execution
    executenb(
  File "/Users/55093290/anaconda3/lib/python3.11/site-packages/nbclient/client.py", line 1204, in execute
    return NotebookClient(nb=nb, resources=resources, km=km, **kwargs).execute()
           ^^^^^^^^^^^^^^^^^^^^^^^^^^^^^^^^^^^^^^^^^^^^^^^^^^^^^^^^^^^^^^^^^^^^^
  File "/Users/55093290/anaconda3/lib/python3.11/site-packages/nbclient/util.py", line 84, in wrapped
    return just_run(coro(*args, **kwargs))
           ^^^^^^^^^^^^^^^^^^^^^^^^^^^^^^^
  File "/Users/55093290/anaconda3/lib/python3.11/site-packages/nbclient/util.py", line 62, in just_run
    return loop.run_until_complete(coro)
           ^^^^^^^^^^^^^^^^^^^^^^^^^^^^^
  File "/Users/55093290/anaconda3/lib/python3.11/asyncio/base_events.py", line 653, in run_until_complete
    return future.result()
           ^^^^^^^^^^^^^^^
  File "/Users/55093290/anaconda3/lib/python3.11/site-packages/nbclient/client.py", line 663, in async_execute
    await self.async_execute_cell(
  File "/Users/55093290/anaconda3/lib/python3.11/site-packages/nbclient/client.py", line 965, in async_execute_cell
    await self._check_raise_for_error(cell, cell_index, exec_reply)
  File "/Users/55093290/anaconda3/lib/python3.11/site-packages/nbclient/client.py", line 862, in _check_raise_for_error
    raise CellExecutionError.from_cell_and_msg(cell, exec_reply_content)
nbclient.exceptions.CellExecutionError: An error occurred while executing the following cell:
------------------
import numpy as np
import matplotlib.pyplot as plt

def jac(f, t, y):
    N = len(y)
    J = np.zeros((N, N))
    I = np.eye(N)
    epsilon = 1e-6
    
    for i in range(N):
        J[:,i] = (f(t, y + epsilon * I[:,i]) - f(t,y)) / epsilon

    return J


def radauIA(f, tspan, y0, h):
    
    # Determine the number of ODEs in the system
    N = len(y0)

    # Calculate the number of steps required
    nsteps = int((tspan[1] - tspan[0]) / h)

    # Define solution arrays and assign initial values
    t = np.zeros(nsteps + 1)
    y = np.zeros((nsteps + 1, N))
    t[0] = tspan[0]
    y[0,:] = y0
    
    # Define Butcher tableau
    A = np.array([[5/12, -1/12],
                  [3/4, 1/4]])
    b = np.array([3/4, 1/4])
    c = np.array([1/3, 1])
    s = 2

    # Define maximum Newton iterations
    max_iter = 10

    # Loop through steps
    for n in range(nsteps):

        # Use Newton's method to solve for the stage values
        e = np.ones(s)
        Y = np.kron(e, y[n,:])
        F = np.zeros(N * s)
        J = jac(f, t[n], y[n,:])

        for k in range(max_iter):
            F[:N] = f(t[n] + c[0] * h, Y[:N])
            F[N:] = f(t[n] + c[1] * h, Y[N:])
            g = Y - np.kron(e, y[n,:]) - h * np.kron(A, np.eye(N)) @ F
            delta_Y = np.linalg.solve(np.eye(N * s) - h * np.kron(A, J), -g)
            Y += delta_Y

            if np.linalg.norm(delta_Y) < 1e-6:
                break

        y[n+1,:] = y[n,:] + h * np.kron(b.T, np.eye(N)) @ F
        t[n+1] = t[n] + h

    return t, y


def f(t, y):
    return np.array([-1000 * y[0] + y[1], -y[1]])

# Define IVP
tspan = [0, 5]
y0 = [1, 1]
h = 0.1

# Solve IVP
t, y = radauIIA(f, tspan, y0, h)

# Plot solution
fig, ax = plt.subplots()
plt.plot(t, y[:,0], "b", label="$y_1$")
plt.plot(t, y[:,1], "r", label="$y_2$")

plt.xlabel("$t$")
plt.ylabel("$y$")
plt.title("Radau IIA")
plt.legend()
plt.show()

from myst_nb import glue
glue("ex3.4_plot_radauIIA", fig, display=False)
------------------

[0;31m---------------------------------------------------------------------------[0m
[0;31mNameError[0m                                 Traceback (most recent call last)
Cell [0;32mIn[5], line 74[0m
[1;32m     71[0m h [38;5;241m=[39m [38;5;241m0.1[39m
[1;32m     73[0m [38;5;66;03m# Solve IVP[39;00m
[0;32m---> 74[0m t, y [38;5;241m=[39m radauIIA(f, tspan, y0, h)
[1;32m     76[0m [38;5;66;03m# Plot solution[39;00m
[1;32m     77[0m fig, ax [38;5;241m=[39m plt[38;5;241m.[39msubplots()

[0;31mNameError[0m: name 'radauIIA' is not defined
NameError: name 'radauIIA' is not defined

