Traceback (most recent call last):
  File "/opt/anaconda3/lib/python3.11/site-packages/jupyter_cache/executors/utils.py", line 58, in single_nb_execution
    executenb(
  File "/opt/anaconda3/lib/python3.11/site-packages/nbclient/client.py", line 1305, in execute
    return NotebookClient(nb=nb, resources=resources, km=km, **kwargs).execute()
           ^^^^^^^^^^^^^^^^^^^^^^^^^^^^^^^^^^^^^^^^^^^^^^^^^^^^^^^^^^^^^^^^^^^^^
  File "/opt/anaconda3/lib/python3.11/site-packages/jupyter_core/utils/__init__.py", line 173, in wrapped
    return loop.run_until_complete(inner)
           ^^^^^^^^^^^^^^^^^^^^^^^^^^^^^^
  File "/opt/anaconda3/lib/python3.11/asyncio/base_events.py", line 653, in run_until_complete
    return future.result()
           ^^^^^^^^^^^^^^^
  File "/opt/anaconda3/lib/python3.11/site-packages/nbclient/client.py", line 705, in async_execute
    await self.async_execute_cell(
  File "/opt/anaconda3/lib/python3.11/site-packages/nbclient/client.py", line 1058, in async_execute_cell
    await self._check_raise_for_error(cell, cell_index, exec_reply)
  File "/opt/anaconda3/lib/python3.11/site-packages/nbclient/client.py", line 914, in _check_raise_for_error
    raise CellExecutionError.from_cell_and_msg(cell, exec_reply_content)
nbclient.exceptions.CellExecutionError: An error occurred while executing the following cell:
------------------
A = sp.Matrix([[1, 1, 1], [1, 2, 3], [1, 3, 4]])
R = sp.zeros(3,3)
Q = sp.zeros(3,3)


u1 = A[:,0]
R[0,0] = u1.norm()
Q[:,0] = u1 / R[0,0]

R[0,1] = Q[:,0].dot(A[:,1])
u2 = A[:,1] - R[0,1] * Q[:,0]
R[1,1] = u2.norm()
Q[:,1] = u2 / R[1,1]

R[0,2] = Q[:,0].dot(A[:,2])
R[1,2] = Q[:,1].dot(A[:,2])
u2 = A[:,2] - R[0,2] * Q[:,0] - R[1,2] * Q[:,1]
R[2,2] = u2.norm()
Q[:,2] = u2 / R[2,2]


sp.pprint(Q)
sp.pprint(R)
------------------


[0;31m---------------------------------------------------------------------------[0m
[0;31mNameError[0m                                 Traceback (most recent call last)
Cell [0;32mIn[1], line 1[0m
[0;32m----> 1[0m A [38;5;241m=[39m sp[38;5;241m.[39mMatrix([[[38;5;241m1[39m, [38;5;241m1[39m, [38;5;241m1[39m], [[38;5;241m1[39m, [38;5;241m2[39m, [38;5;241m3[39m], [[38;5;241m1[39m, [38;5;241m3[39m, [38;5;241m4[39m]])
[1;32m      2[0m R [38;5;241m=[39m sp[38;5;241m.[39mzeros([38;5;241m3[39m,[38;5;241m3[39m)
[1;32m      3[0m Q [38;5;241m=[39m sp[38;5;241m.[39mzeros([38;5;241m3[39m,[38;5;241m3[39m)

[0;31mNameError[0m: name 'sp' is not defined

