Traceback (most recent call last):
  File "/opt/anaconda3/lib/python3.11/site-packages/jupyter_cache/executors/utils.py", line 58, in single_nb_execution
    executenb(
  File "/opt/anaconda3/lib/python3.11/site-packages/nbclient/client.py", line 1305, in execute
    return NotebookClient(nb=nb, resources=resources, km=km, **kwargs).execute()
           ^^^^^^^^^^^^^^^^^^^^^^^^^^^^^^^^^^^^^^^^^^^^^^^^^^^^^^^^^^^^^^^^^^^^^
  File "/opt/anaconda3/lib/python3.11/site-packages/jupyter_core/utils/__init__.py", line 173, in wrapped
    return loop.run_until_complete(inner)
           ^^^^^^^^^^^^^^^^^^^^^^^^^^^^^^
  File "/opt/anaconda3/lib/python3.11/asyncio/base_events.py", line 653, in run_until_complete
    return future.result()
           ^^^^^^^^^^^^^^^
  File "/opt/anaconda3/lib/python3.11/site-packages/nbclient/client.py", line 705, in async_execute
    await self.async_execute_cell(
  File "/opt/anaconda3/lib/python3.11/site-packages/nbclient/client.py", line 1058, in async_execute_cell
    await self._check_raise_for_error(cell, cell_index, exec_reply)
  File "/opt/anaconda3/lib/python3.11/site-packages/nbclient/client.py", line 914, in _check_raise_for_error
    raise CellExecutionError.from_cell_and_msg(cell, exec_reply_content)
nbclient.exceptions.CellExecutionError: An error occurred while executing the following cell:
------------------
A = np.array([[1, 2, 3], [4, 5, 6], [7, 8, 9]])

print(max(abs(np.tril(A, -1))))
------------------


[0;31m---------------------------------------------------------------------------[0m
[0;31mValueError[0m                                Traceback (most recent call last)
Cell [0;32mIn[3], line 3[0m
[1;32m      1[0m A [38;5;241m=[39m np[38;5;241m.[39marray([[[38;5;241m1[39m, [38;5;241m2[39m, [38;5;241m3[39m], [[38;5;241m4[39m, [38;5;241m5[39m, [38;5;241m6[39m], [[38;5;241m7[39m, [38;5;241m8[39m, [38;5;241m9[39m]])
[0;32m----> 3[0m [38;5;28mprint[39m([38;5;28mmax[39m([38;5;28mabs[39m(np[38;5;241m.[39mtril(A, [38;5;241m-[39m[38;5;241m1[39m))))

[0;31mValueError[0m: The truth value of an array with more than one element is ambiguous. Use a.any() or a.all()

